// Jest Snapshot v1, https://goo.gl/fbAQLP

exports[`Card should render 1`] = `
<div
  class="sc-beqWaB hiRkeX"
  data-testid="header"
>
  <img
    class="sc-gueYoa jrjuMW"
    src="BNM_Logo_White.png"
  />
</div>
`;
