// Jest Snapshot v1, https://goo.gl/fbAQLP

exports[`Button should render 1`] = `
<button
  class="sc-beqWaB hafbjw"
>
  test
</button>
`;
